BLIP CHANGE LOG
===============

Purpose
-------
This is the canonical chronological record of repository work. Every entry uses
an RFC 3339 timestamp with seconds and the Asia/Jakarta UTC offset. Future work
must append an entry before handoff, including the exact files changed, the
validation performed, and whether the work is committed or pushed.

2026-09-16T01:52:34+07:00
---------------------------------
Scope: Repository and documentation baseline

- Audited the repository structure, runtime implementation, installer, Cargo
  metadata, and public documentation.
- Replaced test-specific installation material with one combined installation
  and initial-configuration script.
- Removed personal checkout paths, SSH-key assumptions, private hostnames,
  desktop artifact paths, and test-only deployment instructions.
- Reorganized examples under docs/examples and documentation under docs/wiki.
- Installed the Almatera Incubator License as the repository license.

Files recorded:
- Cargo.toml
- LICENSE
- README.md
- docs/install.sh
- docs/examples/blip.toml.example
- docs/wiki/Architecture.md
- docs/wiki/Configuration.md
- docs/wiki/Development-log.md
- docs/wiki/GitLab.md
- docs/wiki/Home.md
- docs/wiki/Installation.md
- docs/wiki/Roadmap.md
- docs/wiki/Security.md

2026-09-16T02:12:58+07:00
---------------------------------
Scope: Minimal project configuration and global queue locking

- Replaced the project array with a keyed project map so the project identifier
  appears only once.
- Replaced the generic provider field with a GitLab-specific nested template.
- Removed event, branch, tracking, timeout, and lock fields from project config.
- Made GitLab responsible for event and branch filtering.
- Replaced per-project marker locks with one advisory execution lock shared by
  the global queue.
- Expanded the binary CLI for configuration, project, history, log, queue, and
  systemd service operations.

Files recorded:
- src/config.rs
- src/main.rs
- src/runtime.rs
- src/system.rs
- docs/examples/blip.toml.example
- docs/wiki/Architecture.md
- docs/wiki/Configuration.md
- docs/wiki/Roadmap.md

2026-09-16T02:43:57+07:00
---------------------------------
Scope: One-command legacy configuration migration

- Corrected the README copy-and-paste installation path for hosts containing
  the obsolete [[projects]] configuration schema.
- Added automatic legacy-schema detection, timestamped backup creation, and
  current-schema setup without requiring a second installation command.
- Preserved valid existing configuration and retained BLIP_RECONFIGURE=1 for
  intentional replacement of other invalid configurations.

Files recorded:
- README.md
- docs/install.sh
- docs/wiki/Development-log.md
- docs/wiki/Installation.md

2026-09-17T08:37:53+07:00
---------------------------------
Scope: Persistent GitLab delivery-ID deduplication
Branch: feature/delivery-id-deduplication

- Added webhook-id handling with Idempotency-Key fallback for legacy GitLab
  deliveries.
- Added an atomically claimed JSONL delivery registry beside runtime history.
- Added HTTP 202 duplicate handling without scheduling a second script run.
- Scoped delivery identities by project and persisted them across service
  reconstruction.
- Added delivery IDs to execution history and exposed the registry path through
  blip queue.
- Added tests for concurrent claims, queued duplicates, completed duplicates,
  project scoping, and restart persistence.
- Updated the roadmap by moving delivery-ID deduplication into the implemented
  feature list.

Files recorded:
- README.md
- docs/wiki/Architecture.md
- docs/wiki/Development-log.md
- docs/wiki/GitLab.md
- docs/wiki/Installation.md
- docs/wiki/Roadmap.md
- docs/wiki/Security.md
- src/main.rs
- src/runtime.rs

Validation recorded:
- cargo fmt --all -- --check
- cargo test --locked --all-targets: 13 passed
- cargo clippy --locked --all-targets --all-features -- -D warnings
- cargo build --locked --release
- bash -n docs/install.sh
- git diff --check

State recorded:
- Working tree changes were not committed or pushed at this timestamp.

2026-09-17T08:41:59+07:00
---------------------------------
Scope: Repository continuity and contributor rules
Branch: feature/delivery-id-deduplication

- Established this file as the canonical timestamped work record.
- Added repository-wide agent and contributor operating instructions covering
  architecture, configuration boundaries, Git workflow, documentation layout,
  security, installer behavior, testing, and handoff requirements.

Files recorded:
- .gitignore
- AGENTS.md
- change.log
- README.md
- docs/wiki/Development-log.md
- docs/wiki/Home.md

Validation recorded:
- git diff --check
- cargo fmt --all -- --check
- cargo test --locked --all-targets: 13 passed
- cargo clippy --locked --all-targets --all-features -- -D warnings
- cargo build --locked --release
- bash -n docs/install.sh
- Repository identity scan found no personal path, private hostname, or real
  credential; only documented synthetic whsec_AAAA... examples remain.

State recorded:
- Working tree changes were not committed or pushed at this timestamp.

2026-09-17T08:46:11+07:00
---------------------------------
Scope: Local grouped commit preparation
Branch: feature/delivery-id-deduplication

- Prepared all delivery-deduplication, repository-governance, and documentation
  changes for separate local commits by responsibility.
- Kept the feature branch local; no push or merge was authorized for this batch.

Commit groups recorded:
- Runtime implementation: src/main.rs and src/runtime.rs.
- Repository governance: .gitignore, AGENTS.md, and change.log.
- Public documentation: README.md and all modified docs/wiki pages.

Validation recorded:
- git diff --check
- Previous final feature gate remains valid: 13 tests passed, Clippy passed,
  release build passed, formatting passed, and installer syntax passed.

State recorded:
- All working-tree files are scheduled for local commits only.
- No push or merge is part of this operation.

2026-09-18T20:34:29+07:00
---------------------------------
Scope: Durable queue persistence and restart recovery
Branch: feature/durable-queue-recovery

- Replaced the process-local channel with an append-only durable FIFO journal
  containing queued, running, and completed delivery state.
- Persisted the admitted script path and a monotonic sequence before returning
  HTTP 202 queued.
- Recovered waiting work after restart and requeued interrupted running work
  only while holding the global execution lock.
- Preserved legacy accepted-delivery records as completed deduplication data.
- Added queue-state counts to the CLI and kept the waiting capacity at 128.
- Added focused tests for FIFO order, exact capacity, completed duplicates,
  concurrent claims, project scoping, malformed persistence, legacy records,
  restart recovery, and recovery coordination with an active process.
- Updated public documentation, repository rules, and the roadmap to distinguish
  durable admission from at-least-once recovery of interrupted execution.
- A read-only host check found the installed Blip origin healthy. External
  webhook testing remains unavailable until the tunnel connector is running;
  no DNS change is required solely because the host IP changed.

Files modified:
- .gitignore
- AGENTS.md
- README.md
- change.log
- docs/wiki/Architecture.md
- docs/wiki/Configuration.md
- docs/wiki/Development-log.md
- docs/wiki/GitLab.md
- docs/wiki/Home.md
- docs/wiki/Installation.md
- docs/wiki/Roadmap.md
- docs/wiki/Security.md
- src/main.rs
- src/runtime.rs

Validation recorded:
- cargo fmt --all -- --check
- cargo test --locked --all-targets: 19 passed
- cargo clippy --locked --all-targets --all-features -- -D warnings
- cargo build --locked --release
- bash -n docs/install.sh
- git diff --check
- Repository identity scan found no personal path, private hostname, tunnel ID,
  or real webhook credential in tracked changes.

State recorded:
- Changes are uncommitted and unpushed.
- dev was not modified or merged.

2026-09-18T20:41:37+07:00
---------------------------------
Scope: Stable runtime paths for service and CLI inspection
Branch: feature/durable-queue-recovery

- Fixed relative history paths producing different queue and history locations
  when the CLI ran outside the systemd working directory.
- Made the system configuration resolve relative runtime files under
  /var/lib/blip and other configurations resolve them beside their config file.
- Added tests for system, local, and explicitly absolute runtime paths.
- Verified the release binary resolves the installed configuration to the same
  history, delivery journal, and lock paths used by the system service.

Files modified:
- change.log
- docs/wiki/Architecture.md
- docs/wiki/Configuration.md
- docs/wiki/Development-log.md
- docs/wiki/Installation.md
- src/config.rs

Validation recorded:
- cargo fmt --all -- --check
- cargo test --locked --all-targets: 20 passed
- cargo clippy --locked --all-targets --all-features -- -D warnings
- cargo build --locked --release
- bash -n docs/install.sh
- git diff --check
- Read-only release-binary inspection confirmed absolute runtime paths under
  /var/lib/blip.

State recorded:
- Follow-up fix is uncommitted and unpushed at this timestamp.
- The feature branch remains one commit ahead of dev; dev was not modified.

2026-09-18T21:17:32+07:00
---------------------------------
Scope: Graceful shutdown, in-place upgrade, and Phase 1 version metadata
Branch: feature/graceful-shutdown-upgrade

- Added SIGTERM and SIGINT handling that closes webhook admission, finishes
  the active deployment, and leaves waiting work queued for the next start.
- Made global-lock waits interruptible during shutdown without changing queue
  state.
- Added blip --upgrade and blip -U, backed by an upgrade-only installer path
  that fast-forwards source, builds as a non-root user, preserves and validates
  configuration, updates the unit, and restarts the service.
- Fixed normal service installation to restart an active service after binary
  replacement.
- Added KillMode=mixed and an unlimited systemd stop timeout so the active
  deployment child can finish during graceful shutdown.
- Simplified the documented first-install command to curl piped directly to
  sudo bash; the installer derives the build account from SUDO_USER.
- Updated the package and public status to 0.2.0 and recorded the policy that
  Phase 1 uses 0.x releases while Phase 2 begins at 1.0.0.

Files modified:
- AGENTS.md
- Cargo.lock
- Cargo.toml
- README.md
- change.log
- docs/install.sh
- docs/wiki/Architecture.md
- docs/wiki/Development-log.md
- docs/wiki/GitLab.md
- docs/wiki/Home.md
- docs/wiki/Installation.md
- docs/wiki/Roadmap.md
- docs/wiki/Security.md
- src/main.rs
- src/runtime.rs
- src/system.rs

Validation recorded:
- cargo fmt --all -- --check
- cargo test --locked --all-targets: 27 passed
- cargo clippy --locked --all-targets --all-features -- -D warnings
- cargo build --locked --release
- bash -n docs/install.sh
- git diff --check
- Release CLI inspection reported blip 0.2.0 and exposed -U/--upgrade.
- Repository identity scan found no personal path, private hostname, tunnel ID,
  old installer wrapper, or stale 0.1.0 metadata.

State recorded:
- Changes are uncommitted and unpushed.
- dev was not modified or merged.

2026-09-18T21:18:12+07:00
---------------------------------
Scope: Final validation state
Branch: feature/graceful-shutdown-upgrade

- Completed the full repository validation gate after all implementation,
  documentation, installer, service-unit, and change-log updates.

Files modified:
- change.log

Validation recorded:
- git diff --check: passed after this final log update.

State recorded:
- Changes remain uncommitted and unpushed.
- dev remains untouched.

2026-09-18T22:25:20+07:00
---------------------------------
Scope: Pre-built binary installation method and documentation
Branch: feature/prebuilt-binary-installer

- Added pre-built release binary installation support to docs/install.sh via
  BLIP_INSTALL_METHOD="binary" with automated OS/architecture detection and
  SHA256 checksum verification.
- Preserved default source compilation behavior and single-installer semantics.
- Updated README.md and docs/wiki/Installation.md to document both the default
  source installation and the lightweight pre-built binary installation paths.
- Sourced the installer command via the canonical GitLab repository URL.

Files modified:
- README.md
- docs/install.sh
- docs/wiki/Installation.md
- change.log

Validation recorded:
- git diff --check
- cargo fmt --all -- --check
- cargo test --locked --all-targets: 27 passed
- cargo clippy --locked --all-targets --all-features -- -D warnings
- cargo build --locked --release
- bash -n docs/install.sh

State recorded:
- Committed locally in one commit on feature/prebuilt-binary-installer.
- Not pushed.
- dev remains untouched.

